common.h:88:20:common_is_mem_empty	32	static
memory_manager.c:190:28:memory_manager_get_default_memory_configurations	24	static
memory_manager.c:195:6:memory_manager_set_metadata_update_mode	16	static
memory_manager.c:220:21:memory_manager_init	88	static
memory_manager.c:318:21:memory_manager_start	16	static
memory_manager.c:333:21:memory_manager_stop	4	static
memory_manager.c:339:21:memory_manager_user_data_update	16	static
memory_manager.c:423:21:memory_manager_get_system_configurations	16	static
memory_manager.c:435:21:memory_manager_set_system_configurations	24	static
memory_manager.c:453:21:memory_manager_get_memory_configurations	16	static
memory_manager.c:470:21:memory_manager_set_memory_configurations	24	static
memory_manager.c:485:21:memory_manager_erase_configuration_section	8	static
memory_manager.c:495:21:memory_manager_erase_everything	8	static
memory_manager.c:506:21:prvVerifySystemSectorIntegrity	344	static
memory_manager.c:557:21:prvMemoryAddNewUserDataSectorEntryToRAMBuffer	40	static
memory_manager.c:606:21:prvMemoryWriteAsyncMetaDataSector	272	static
memory_manager.c:620:28:prvMemoryWriteAsyncGlobalConfigurationSector	272	static
memory_manager.c:634:29:prvMemoryAsyncWriteAnyMemorySectorIfAvailable	280	static
memory_manager.c:656:21:prvMemoryWritePageNow	40	static
memory_manager.c:674:21:prvMemorySystemSectorWritePageNow	24	static
memory_manager.c:713:28:prvMemoryAccessPage	40	static
memory_manager.c:740:21:prvMemoryAccessSectorSingleDataEntry	328	static
memory_manager.c:771:28:prvMemoryAccessLastDataEntry	56	static
memory_manager.c:806:6:prvQueueMonitorTask	296	static
memory_manager.c:864:21:prvGetMemorySectorInfo	16	static
memory_manager.c:914:17:prvMemorySectorGetDataEntriesPerPage	16	static
memory_manager.c:939:17:prvMemorySectorGetDataStructSize	16	static
memory_manager.c:964:17:prvMemorySectorGetAlignedDataStructSize	16	static
memory_manager.c:989:5:prvMemorySectorGetPageCount	16	static
memory_manager.c:1022:17:prvMemorySectorGetSize	16	static
memory_manager.c:1055:28:prvMemorySectorBinarySearchForLastWrittenPageIndex	336	static
memory_manager.c:1100:28:prvMemorySectorLinearSearchForLastWrittenPageIndex	328	static
memory_manager.c:1143:21:memory_manager_get_single_data_entry	56	static
memory_manager.c:1161:21:memory_manager_get_last_data_entry	40	static
memory_manager.c:1179:21:memory_manager_get_stats	48	static
memory_manager.c:1230:21:memory_manager_get_configurations	16	static
memory_manager.c:1248:21:memory_manager_update_sensors_ground_data	24	static
