controller.c:236:6:vRegister_RTOS_Commands	8	static
controller.c:260:6:prv_cli_function	304	static
controller.c:332:6:command_line_interface_start	24	static
controller.c:343:6:command_line_interface_is_running	4	static
controller.c:349:19:prvUsageCommand	32	static
controller.c:365:19:prvSystemCtlCommand	104	dynamic
controller.c:435:12:prvHelpCommand	32	static
controller.c:451:19:prvReadCommand	32	static
controller.c:466:19:prvSaveCommand	32	static
controller.c:482:19:prvConfigureCommand	104	dynamic
controller.c:553:19:prvMemoryCommand	104	dynamic
controller.c:629:19:prvTaskStatsCommand	528	static
controller.c:675:19:prvRunTimeStatsCommand	32	static
controller.c:750:13:isOptArgSyntaxOk	64	dynamic
controller.c:805:8:__strtok_r	32	static
controller.c:837:8:prv_strtok	16	static
